
> reviews-por-isabel@0.1.0 build
> next build

   Ôû▓ Next.js 15.5.12
   - Environments: .env.local, .env

   Creating an optimized production build ...
 Ô£ô Compiled successfully in 3.2s
   Linting and checking validity of types ...
node.exe : 
No linha:1 caractere:1
+ & "C:\Program Files\nodejs/node.exe" "C:\Program 
Files\nodejs/node_mo ...
+ ~~~~~~~~~~~~~~~~~~~~~~~~~~~~~~~~~~~~~~~~~~~~~~~~~~~~~~~~~~
~~~~~~~~~~~
    + CategoryInfo          : NotSpecified: (:String) [], R 
   emoteException
    + FullyQualifiedErrorId : NativeCommandError
 
Failed to compile.

./app/admin/layout.tsx
26:11  Error: Do not use an `<a>` element to navigate to 
`/api/auth/signout/`. Use `<Link />` from `next/link` 
instead. See: 
https://nextjs.org/docs/messages/no-html-link-for-pages  
@next/next/no-html-link-for-pages
38:13  Error: Do not use an `<a>` element to navigate to 
`/api/auth/signout/`. Use `<Link />` from `next/link` 
instead. See: 
https://nextjs.org/docs/messages/no-html-link-for-pages  
@next/next/no-html-link-for-pages

./app/cafes/page.tsx
40:1  Warning: Unexpected default export of anonymous 
function  import/no-anonymous-default-export
40:16  Error: Component definition is missing display name  
react/display-name

./app/cupons/page.tsx
228:1  Warning: Prevent Client Components from being async 
functions. See: 
https://nextjs.org/docs/messages/no-async-client-component  
@next/next/no-async-client-component

./app/lazer/page.tsx
19:1  Warning: Unexpected default export of anonymous 
function  import/no-anonymous-default-export
19:16  Error: Component definition is missing display name  
react/display-name

./app/lojas/page.tsx
19:1  Warning: Unexpected default export of anonymous 
function  import/no-anonymous-default-export
19:16  Error: Component definition is missing display name  
react/display-name

./app/passeios/page.tsx
47:1  Warning: Unexpected default export of anonymous 
function  import/no-anonymous-default-export
47:16  Error: Component definition is missing display name  
react/display-name

./app/prestadores/page.tsx
19:1  Warning: Unexpected default export of anonymous 
function  import/no-anonymous-default-export
19:16  Error: Component definition is missing display name  
react/display-name

./app/restaurantes/page.tsx
65:1  Warning: Unexpected default export of anonymous 
function  import/no-anonymous-default-export
65:16  Error: Component definition is missing display name  
react/display-name

./app/test-category-section/page.tsx
9:1  Warning: Unexpected default export of anonymous 
function  import/no-anonymous-default-export
9:16  Error: Component definition is missing display name  
react/display-name

./components/AdminLugarForm.tsx
177:21  Warning: Using `<img>` could result in slower LCP 
and higher bandwidth. Consider using `<Image />` from 
`next/image` or a custom image loader to automatically 
optimize images. This may incur additional usage or cost 
from your provider. See: 
https://nextjs.org/docs/messages/no-img-element  
@next/next/no-img-element

./components/PlacesMap.tsx
254:6  Warning: React Hook useEffect has missing 
dependencies: 'createMarker' and 'markers'. Either include 
them or remove the dependency array.  
react-hooks/exhaustive-deps
275:6  Warning: React Hook useEffect has a missing 
dependency: 'showInfoWindow'. Either include it or remove 
the dependency array.  react-hooks/exhaustive-deps

info  - Need to disable some ESLint rules? Learn more here: 
https://nextjs.org/docs/app/api-reference/config/eslint#disa
bling-rules
